Op Type,Dimension,Bound,C/M ratio,Op Intensity,Latency (msec),Cycles,C Effcy,Num ops (MFLOP),Input_a (MB),Input_w (MB),Output (MB),Total Data (MB),Throughput (Tflops),Compute time (msec),Memory time (msec),Communication time (msec),Compute cycle,Memory cycle,Communication cycle
GEMM,"[((1, 4096, 1024), (12288, 4096), (1, 12288, 1024))]",Compute,3.2985348833279997,768.0,0.42949672959999996,403726.925824,0.8,103079.215104,8.0,96.0,24.0,128.0,240.00000000000003,0.42949672959999996,0.13020833333333334,0.0,403726.925824,122395.83333333333,0.0
Logit,"((1, 32, 1024, 128), (1, 32, 1024, 128), (1, 32, 1024, 1024))",Compute,1.7360709912252628,102.4,0.03579139413333333,33643.91048533333,0.8,8589.934592,8.0,8.0,64.0,80.0,240.00000000000003,0.03579139413333333,0.020616319444444444,0.0,33643.91048533333,19379.340277777777,0.0
Attend,"((1, 32, 1024, 1024), (1, 32, 1024, 128), (1, 32, 1024, 128))",Compute,1.7360709912252628,102.4,0.03579139413333333,33643.91048533333,0.8,8589.934592,64.0,8.0,8.0,80.0,240.00000000000003,0.03579139413333333,0.020616319444444444,0.0,33643.91048533333,19379.340277777777,0.0
GEMM,"[((1, 4096, 1024), (4096, 4096), (1, 4096, 1024))]",Compute,2.9320310074026663,682.6666666666666,0.1431655765333333,134575.6419413333,0.8,34359.738368,8.0,32.0,8.0,48.0,240.00000000000003,0.1431655765333333,0.04882812499999999,0.0,134575.6419413333,45898.43749999999,0.0
GEMM,"[((1, 4096, 1024), (22016, 4096), (1, 22016, 1024))]",Compute,3.392215246232682,789.8116591928251,0.7695149738666667,723344.0754346667,0.8,184683.593728,8.0,172.0,43.0,223.0,240.0,0.7695149738666667,0.22684733072916663,0.0,723344.0754346667,213236.49088541666,0.0
GEMM,"[((1, 11008, 1024), (4096, 11008), (1, 4096, 1024))]",Compute,3.2747359303458357,762.4588744588744,0.38475748693333334,361672.03771733335,0.8,92341.796864,21.5,86.0,8.0,115.5,240.0,0.38475748693333334,0.11749267578125,0.0,361672.03771733335,110443.115234375,0.0
