Op Type,Dimension,Bound,C/M ratio,Op Intensity,Latency (msec),Cycles,C Effcy,Num ops (MFLOP),Input_a (MB),Input_w (MB),Output (MB),Total Data (MB),Throughput (Tflops),Compute time (msec),Memory time (msec),Communication time (msec),Compute cycle,Memory cycle,Communication cycle
GEMM,"[((1, 4096, 1), (12288, 4096), (1, 12288, 1))]",Memory,0.004294874091267116,0.9996745850959974,0.09765836927625868,91798.86711968316,0.8,100.663296,0.0078125,96.0,0.0234375,96.03125,1.030769781904108,0.00041943039999999996,0.09765836927625868,0.0,394.264576,91798.86711968316,0.0
Logit,"((1, 32, 1, 128), (1, 32, 1024, 128), (1, 32, 1, 1024))",Memory,0.004292452187296505,0.9912875121006777,0.008142789204915365,7654.221852620443,0.8,8.388608,0.0078125,8.0,0.0625,8.0703125,1.0301885249511613,3.495253333333333e-05,0.008142789204915365,0.0,32.85538133333333,7654.221852620443,0.0
Logit,"((1, 32, 1, 128), (1, 32, 32, 128), (1, 32, 1, 32))",Memory,0.0042838115367896095,0.9624060150375939,0.0002549754248725043,239.67689938015408,0.8,0.262144,0.0078125,0.25,0.001953125,0.259765625,1.0281147688295065,1.0922666666666665e-06,0.0002549754248725043,0.0,1.0267306666666665,239.67689938015408,0.0
Attend,"((1, 32, 1, 1024), (1, 32, 1024, 128), (1, 32, 1, 128))",Memory,0.004292452187296505,0.9912875121006777,0.008142789204915365,7654.221852620443,0.8,8.388608,0.0625,8.0,0.0078125,8.0703125,1.0301885249511613,3.495253333333333e-05,0.008142789204915365,0.0,32.85538133333333,7654.221852620443,0.0
Attend,"((1, 32, 1, 32), (1, 32, 32, 128), (1, 32, 1, 128))",Memory,0.0042838115367896095,0.9624060150375939,0.0002549754248725043,239.67689938015408,0.8,0.262144,0.001953125,0.25,0.0078125,0.259765625,1.0281147688295065,1.0922666666666665e-06,0.0002549754248725043,0.0,1.0267306666666665,239.67689938015408,0.0
GEMM,"[((1, 4096, 1), (4096, 4096), (1, 4096, 1))]",Memory,0.0042948274904176294,0.9995119570522206,0.03255314297146267,30599.95439317491,0.8,33.554432,0.0078125,32.0,0.0078125,32.015625,1.0307585977002311,0.0001398101333333333,0.03255314297146267,0.0,131.4215253333333,30599.95439317491,0.0
GEMM,"[((1, 4096, 1), (22016, 4096), (1, 22016, 1))]",Memory,0.004294884386940023,0.9997105216853314,0.17497082551320395,164472.5759824117,0.8,180.355072,0.0078125,172.0,0.0419921875,172.0498046875,1.0307722528656054,0.0007514794666666667,0.17497082551320395,0.0,706.3906986666667,164472.5759824117,0.0
GEMM,"[((1, 11008, 1), (4096, 11008), (1, 4096, 1))]",Memory,0.004294871381887714,0.9996651285282115,0.0874856776661343,82236.53700616624,0.8,90.177536,0.02099609375,86.0,0.0078125,86.02880859375,1.0307691316530512,0.00037573973333333334,0.0874856776661343,0.0,353.19534933333335,82236.53700616624,0.0
