Op Type,Dimension,Bound,C/M ratio,Op Intensity,Latency (msec),Cycles,C Effcy,Num ops (MFLOP),Input_a (MB),Input_w (MB),Output (MB),Total Data (MB),Throughput (Tflops),Compute time (msec),Memory time (msec),Communication time (msec),Compute cycle,Memory cycle,Communication cycle
GEMM,"[((1, 4096, 1024), (6144, 4096), (1, 6144, 1024))]",Compute,1.9015083445067293,722.8235294117648,0.03221225472,30279.519436799997,0.8,51539.607552,8.0,48.0,12.0,68.0,1600.0,0.03221225472,0.016940369897959183,0.0,30279.519436799997,15923.947704081633,0.0
Logit,"((1, 32, 1024, 128), (1, 8, 1024, 128), (1, 32, 1024, 1024))",Memory,0.7858745994314684,110.70270270270271,0.006831508645124717,6421.618126417234,0.8,8589.934592,8.0,2.0,64.0,74.0,1257.3993590903494,0.00536870912,0.006831508645124717,0.0,5046.5865728,6421.618126417234,0.0
Attend,"((1, 32, 1024, 1024), (1, 8, 1024, 128), (1, 32, 1024, 128))",Memory,0.7858745994314684,110.70270270270271,0.006831508645124716,6421.618126417233,0.8,8589.934592,64.0,2.0,8.0,74.0,1257.3993590903494,0.00536870912,0.006831508645124716,0.0,5046.5865728,6421.618126417233,0.0
GEMM,"[((1, 4096, 1024), (4096, 4096), (1, 4096, 1024))]",Compute,1.795868992034133,682.6666666666666,0.02147483648,20186.3462912,0.8,34359.738368,8.0,32.0,8.0,48.0,1600.0,0.02147483648,0.011957908163265307,0.0,20186.3462912,11240.433673469388,0.0
GEMM,"[((1, 4096, 1024), (8, 4096), (1, 8, 1024))]",Memory,0.020841806483955127,7.922630560928433,0.002012447435028699,1891.700588926977,0.8,67.108864,8.0,0.0625,0.015625,8.078125,33.346890374328204,4.194304e-05,0.002012447435028699,0.0,39.4264576,1891.700588926977,0.0
GEMM,"[((1, 4096, 256), (229376, 4096), (1, 229376, 256))]",Memory,0.6331710192271445,240.68835257082895,0.47482860331632654,446338.8871173469,0.8,481036.337152,2.0,1792.0,112.0,1906.0,1013.0736307634314,0.30064771071999996,0.47482860331632654,0.0,282608.84807679994,446338.8871173469,0.0
GEMM,"[((1, 114688, 256), (4096, 114688), (1, 4096, 256))]",Memory,0.6325073179491286,240.43605870020966,0.23766342474489796,223403.61926020408,0.8,240518.168576,56.0,896.0,2.0,954.0,1012.011708718606,0.15032385535999998,0.23766342474489796,0.0,141304.42403839997,223403.61926020408,0.0
